[2025-05-14T04:36:31.518+0000] {manager.py:483} INFO - Processing files using up to 2 processes at a time 
[2025-05-14T04:36:31.540+0000] {manager.py:484} INFO - Process each file at most once every 30 seconds
[2025-05-14T04:36:31.541+0000] {manager.py:486} INFO - Checking for new files in /opt/airflow/dags every 300 seconds
[2025-05-14T04:36:31.544+0000] {manager.py:726} INFO - Searching for files in /opt/airflow/dags
[2025-05-14T04:36:31.551+0000] {manager.py:729} INFO - There are 1 files in /opt/airflow/dags
[2025-05-14T04:36:31.779+0000] {manager.py:851} INFO - 
================================================================================
DAG File Processing Stats

File Path                    PID  Runtime      # DAGs    # Errors  Last Runtime    Last Run
-------------------------  -----  ---------  --------  ----------  --------------  ----------
/opt/airflow/dags/test.py    163  0.09s             0           0
================================================================================
[2025-05-14T04:37:01.963+0000] {manager.py:851} INFO - 
================================================================================
DAG File Processing Stats

File Path                  PID    Runtime      # DAGs    # Errors  Last Runtime    Last Run
-------------------------  -----  ---------  --------  ----------  --------------  -------------------
/opt/airflow/dags/test.py                           1           0  0.31s           2025-05-14T04:36:31
================================================================================
[2025-05-14T04:37:32.254+0000] {manager.py:851} INFO - 
================================================================================
DAG File Processing Stats

File Path                    PID  Runtime      # DAGs    # Errors  Last Runtime    Last Run
-------------------------  -----  ---------  --------  ----------  --------------  -------------------
/opt/airflow/dags/test.py    174  0.00s             1           0  0.09s           2025-05-14T04:37:02
================================================================================
[2025-05-14T04:38:02.430+0000] {manager.py:851} INFO - 
================================================================================
DAG File Processing Stats

File Path                    PID  Runtime      # DAGs    # Errors  Last Runtime    Last Run
-------------------------  -----  ---------  --------  ----------  --------------  -------------------
/opt/airflow/dags/test.py    179  0.01s             1           0  0.10s           2025-05-14T04:37:32
================================================================================
[2025-05-14T04:38:32.558+0000] {manager.py:851} INFO - 
================================================================================
DAG File Processing Stats

File Path                    PID  Runtime      # DAGs    # Errors  Last Runtime    Last Run
-------------------------  -----  ---------  --------  ----------  --------------  -------------------
/opt/airflow/dags/test.py    184  0.01s             1           0  0.12s           2025-05-14T04:38:02
================================================================================
[2025-05-14T04:39:02.728+0000] {manager.py:851} INFO - 
================================================================================
DAG File Processing Stats

File Path                    PID  Runtime      # DAGs    # Errors  Last Runtime    Last Run
-------------------------  -----  ---------  --------  ----------  --------------  -------------------
/opt/airflow/dags/test.py    189  0.00s             1           0  0.12s           2025-05-14T04:38:32
================================================================================
[2025-05-14T04:39:32.857+0000] {manager.py:851} INFO - 
================================================================================
DAG File Processing Stats

File Path                    PID  Runtime      # DAGs    # Errors  Last Runtime    Last Run
-------------------------  -----  ---------  --------  ----------  --------------  -------------------
/opt/airflow/dags/test.py    194  0.00s             1           0  0.10s           2025-05-14T04:39:02
================================================================================
[2025-05-14T04:40:03.020+0000] {manager.py:851} INFO - 
================================================================================
DAG File Processing Stats

File Path                    PID  Runtime      # DAGs    # Errors  Last Runtime    Last Run
-------------------------  -----  ---------  --------  ----------  --------------  -------------------
/opt/airflow/dags/test.py    199  0.00s             1           0  0.10s           2025-05-14T04:39:32
================================================================================
[2025-05-14T04:40:33.133+0000] {manager.py:851} INFO - 
================================================================================
DAG File Processing Stats

File Path                    PID  Runtime      # DAGs    # Errors  Last Runtime    Last Run
-------------------------  -----  ---------  --------  ----------  --------------  -------------------
/opt/airflow/dags/test.py    204  0.00s             1           0  0.10s           2025-05-14T04:40:03
================================================================================
[2025-05-14T04:41:03.309+0000] {manager.py:851} INFO - 
================================================================================
DAG File Processing Stats

File Path                    PID  Runtime      # DAGs    # Errors  Last Runtime    Last Run
-------------------------  -----  ---------  --------  ----------  --------------  -------------------
/opt/airflow/dags/test.py    209  0.00s             1           0  0.11s           2025-05-14T04:40:33
================================================================================
[2025-05-14T04:41:32.414+0000] {manager.py:726} INFO - Searching for files in /opt/airflow/dags
[2025-05-14T04:41:32.415+0000] {manager.py:729} INFO - There are 1 files in /opt/airflow/dags
[2025-05-14T04:41:33.433+0000] {manager.py:851} INFO - 
================================================================================
DAG File Processing Stats

File Path                    PID  Runtime      # DAGs    # Errors  Last Runtime    Last Run
-------------------------  -----  ---------  --------  ----------  --------------  -------------------
/opt/airflow/dags/test.py    214  0.00s             1           0  0.10s           2025-05-14T04:41:03
================================================================================
[2025-05-14T04:42:03.597+0000] {manager.py:851} INFO - 
================================================================================
DAG File Processing Stats

File Path                    PID  Runtime      # DAGs    # Errors  Last Runtime    Last Run
-------------------------  -----  ---------  --------  ----------  --------------  -------------------
/opt/airflow/dags/test.py    219  0.01s             1           0  0.10s           2025-05-14T04:41:33
================================================================================
[2025-05-14T04:42:33.711+0000] {manager.py:851} INFO - 
================================================================================
DAG File Processing Stats

File Path                  PID    Runtime      # DAGs    # Errors  Last Runtime    Last Run
-------------------------  -----  ---------  --------  ----------  --------------  -------------------
/opt/airflow/dags/test.py                           1           0  0.19s           2025-05-14T04:42:03
================================================================================
[2025-05-14T04:43:03.964+0000] {manager.py:851} INFO - 
================================================================================
DAG File Processing Stats

File Path                    PID  Runtime      # DAGs    # Errors  Last Runtime    Last Run
-------------------------  -----  ---------  --------  ----------  --------------  -------------------
/opt/airflow/dags/test.py    229  0.00s             1           0  0.09s           2025-05-14T04:42:33
================================================================================
[2025-05-14T04:43:34.142+0000] {manager.py:851} INFO - 
================================================================================
DAG File Processing Stats

File Path                    PID  Runtime      # DAGs    # Errors  Last Runtime    Last Run
-------------------------  -----  ---------  --------  ----------  --------------  -------------------
/opt/airflow/dags/test.py    234  0.00s             1           0  0.12s           2025-05-14T04:43:04
================================================================================
[2025-05-14T04:44:04.260+0000] {manager.py:851} INFO - 
================================================================================
DAG File Processing Stats

File Path                    PID  Runtime      # DAGs    # Errors  Last Runtime    Last Run
-------------------------  -----  ---------  --------  ----------  --------------  -------------------
/opt/airflow/dags/test.py    239  0.00s             1           0  0.11s           2025-05-14T04:43:34
================================================================================
[2025-05-14T04:44:34.440+0000] {manager.py:851} INFO - 
================================================================================
DAG File Processing Stats

File Path                    PID  Runtime      # DAGs    # Errors  Last Runtime    Last Run
-------------------------  -----  ---------  --------  ----------  --------------  -------------------
/opt/airflow/dags/test.py    244  0.00s             1           0  0.11s           2025-05-14T04:44:04
================================================================================
[2025-05-14T04:45:04.553+0000] {manager.py:851} INFO - 
================================================================================
DAG File Processing Stats

File Path                    PID  Runtime      # DAGs    # Errors  Last Runtime    Last Run
-------------------------  -----  ---------  --------  ----------  --------------  -------------------
/opt/airflow/dags/test.py    249  0.00s             1           0  0.09s           2025-05-14T04:44:34
================================================================================
[2025-05-14T04:45:34.732+0000] {manager.py:851} INFO - 
================================================================================
DAG File Processing Stats

File Path                    PID  Runtime      # DAGs    # Errors  Last Runtime    Last Run
-------------------------  -----  ---------  --------  ----------  --------------  -------------------
/opt/airflow/dags/test.py    254  0.00s             1           0  0.10s           2025-05-14T04:45:04
================================================================================
[2025-05-14T04:46:04.849+0000] {manager.py:851} INFO - 
================================================================================
DAG File Processing Stats

File Path                    PID  Runtime      # DAGs    # Errors  Last Runtime    Last Run
-------------------------  -----  ---------  --------  ----------  --------------  -------------------
/opt/airflow/dags/test.py    259  0.00s             1           0  0.11s           2025-05-14T04:45:34
================================================================================
[2025-05-14T04:46:33.021+0000] {manager.py:726} INFO - Searching for files in /opt/airflow/dags
[2025-05-14T04:46:33.023+0000] {manager.py:729} INFO - There are 1 files in /opt/airflow/dags
[2025-05-14T04:46:35.044+0000] {manager.py:851} INFO - 
================================================================================
DAG File Processing Stats

File Path                    PID  Runtime      # DAGs    # Errors  Last Runtime    Last Run
-------------------------  -----  ---------  --------  ----------  --------------  -------------------
/opt/airflow/dags/test.py    264  0.00s             1           0  0.10s           2025-05-14T04:46:04
================================================================================
[2025-05-14T04:47:05.159+0000] {manager.py:851} INFO - 
================================================================================
DAG File Processing Stats

File Path                    PID  Runtime      # DAGs    # Errors  Last Runtime    Last Run
-------------------------  -----  ---------  --------  ----------  --------------  -------------------
/opt/airflow/dags/test.py    269  0.00s             1           0  0.10s           2025-05-14T04:46:35
================================================================================
[2025-05-14T04:47:35.334+0000] {manager.py:851} INFO - 
================================================================================
DAG File Processing Stats

File Path                    PID  Runtime      # DAGs    # Errors  Last Runtime    Last Run
-------------------------  -----  ---------  --------  ----------  --------------  -------------------
/opt/airflow/dags/test.py    274  0.00s             1           0  0.10s           2025-05-14T04:47:05
================================================================================
[2025-05-14T04:48:05.459+0000] {manager.py:851} INFO - 
================================================================================
DAG File Processing Stats

File Path                    PID  Runtime      # DAGs    # Errors  Last Runtime    Last Run
-------------------------  -----  ---------  --------  ----------  --------------  -------------------
/opt/airflow/dags/test.py    279  0.01s             1           0  0.10s           2025-05-14T04:47:35
================================================================================
[2025-05-14T04:48:35.627+0000] {manager.py:851} INFO - 
================================================================================
DAG File Processing Stats

File Path                    PID  Runtime      # DAGs    # Errors  Last Runtime    Last Run
-------------------------  -----  ---------  --------  ----------  --------------  -------------------
/opt/airflow/dags/test.py    284  0.00s             1           0  0.12s           2025-05-14T04:48:05
================================================================================
[2025-05-14T04:49:05.753+0000] {manager.py:851} INFO - 
================================================================================
DAG File Processing Stats

File Path                    PID  Runtime      # DAGs    # Errors  Last Runtime    Last Run
-------------------------  -----  ---------  --------  ----------  --------------  -------------------
/opt/airflow/dags/test.py    289  0.00s             1           0  0.10s           2025-05-14T04:48:35
================================================================================
[2025-05-14T04:49:35.901+0000] {manager.py:851} INFO - 
================================================================================
DAG File Processing Stats

File Path                    PID  Runtime      # DAGs    # Errors  Last Runtime    Last Run
-------------------------  -----  ---------  --------  ----------  --------------  -------------------
/opt/airflow/dags/test.py    294  0.00s             1           0  0.10s           2025-05-14T04:49:05
================================================================================
[2025-05-14T04:50:06.029+0000] {manager.py:851} INFO - 
================================================================================
DAG File Processing Stats

File Path                    PID  Runtime      # DAGs    # Errors  Last Runtime    Last Run
-------------------------  -----  ---------  --------  ----------  --------------  -------------------
/opt/airflow/dags/test.py    299  0.00s             1           0  0.10s           2025-05-14T04:49:35
================================================================================
[2025-05-14T04:50:36.187+0000] {manager.py:851} INFO - 
================================================================================
DAG File Processing Stats

File Path                    PID  Runtime      # DAGs    # Errors  Last Runtime    Last Run
-------------------------  -----  ---------  --------  ----------  --------------  -------------------
/opt/airflow/dags/test.py    304  0.01s             1           0  0.10s           2025-05-14T04:50:06
================================================================================
[2025-05-14T04:51:06.302+0000] {manager.py:851} INFO - 
================================================================================
DAG File Processing Stats

File Path                    PID  Runtime      # DAGs    # Errors  Last Runtime    Last Run
-------------------------  -----  ---------  --------  ----------  --------------  -------------------
/opt/airflow/dags/test.py    309  0.00s             1           0  0.10s           2025-05-14T04:50:36
================================================================================
[2025-05-14T04:51:33.452+0000] {manager.py:726} INFO - Searching for files in /opt/airflow/dags
[2025-05-14T04:51:33.453+0000] {manager.py:729} INFO - There are 1 files in /opt/airflow/dags
[2025-05-14T04:51:36.476+0000] {manager.py:851} INFO - 
================================================================================
DAG File Processing Stats

File Path                    PID  Runtime      # DAGs    # Errors  Last Runtime    Last Run
-------------------------  -----  ---------  --------  ----------  --------------  -------------------
/opt/airflow/dags/test.py    314  0.00s             1           0  0.10s           2025-05-14T04:51:06
================================================================================
[2025-05-14T04:52:06.590+0000] {manager.py:851} INFO - 
================================================================================
DAG File Processing Stats

File Path                    PID  Runtime      # DAGs    # Errors  Last Runtime    Last Run
-------------------------  -----  ---------  --------  ----------  --------------  -------------------
/opt/airflow/dags/test.py    319  0.00s             1           0  0.10s           2025-05-14T04:51:36
================================================================================
[2025-05-14T04:52:36.773+0000] {manager.py:851} INFO - 
================================================================================
DAG File Processing Stats

File Path                    PID  Runtime      # DAGs    # Errors  Last Runtime    Last Run
-------------------------  -----  ---------  --------  ----------  --------------  -------------------
/opt/airflow/dags/test.py    324  0.01s             1           0  0.10s           2025-05-14T04:52:06
================================================================================
[2025-05-14T04:53:06.895+0000] {manager.py:851} INFO - 
================================================================================
DAG File Processing Stats

File Path                    PID  Runtime      # DAGs    # Errors  Last Runtime    Last Run
-------------------------  -----  ---------  --------  ----------  --------------  -------------------
/opt/airflow/dags/test.py    329  0.01s             1           0  0.11s           2025-05-14T04:52:36
================================================================================
[2025-05-14T04:53:37.069+0000] {manager.py:851} INFO - 
================================================================================
DAG File Processing Stats

File Path                    PID  Runtime      # DAGs    # Errors  Last Runtime    Last Run
-------------------------  -----  ---------  --------  ----------  --------------  -------------------
/opt/airflow/dags/test.py    334  0.00s             1           0  0.11s           2025-05-14T04:53:06
================================================================================
[2025-05-14T04:54:07.184+0000] {manager.py:851} INFO - 
================================================================================
DAG File Processing Stats

File Path                    PID  Runtime      # DAGs    # Errors  Last Runtime    Last Run
-------------------------  -----  ---------  --------  ----------  --------------  -------------------
/opt/airflow/dags/test.py    339  0.00s             1           0  0.11s           2025-05-14T04:53:37
================================================================================
[2025-05-14T04:54:37.366+0000] {manager.py:851} INFO - 
================================================================================
DAG File Processing Stats

File Path                    PID  Runtime      # DAGs    # Errors  Last Runtime    Last Run
-------------------------  -----  ---------  --------  ----------  --------------  -------------------
/opt/airflow/dags/test.py    344  0.00s             1           0  0.10s           2025-05-14T04:54:07
================================================================================
[2025-05-14T04:55:07.480+0000] {manager.py:851} INFO - 
================================================================================
DAG File Processing Stats

File Path                    PID  Runtime      # DAGs    # Errors  Last Runtime    Last Run
-------------------------  -----  ---------  --------  ----------  --------------  -------------------
/opt/airflow/dags/test.py    349  0.00s             1           0  0.10s           2025-05-14T04:54:37
================================================================================
[2025-05-14T04:55:37.656+0000] {manager.py:851} INFO - 
================================================================================
DAG File Processing Stats

File Path                    PID  Runtime      # DAGs    # Errors  Last Runtime    Last Run
-------------------------  -----  ---------  --------  ----------  --------------  -------------------
/opt/airflow/dags/test.py    354  0.00s             1           0  0.10s           2025-05-14T04:55:07
================================================================================
[2025-05-14T04:56:07.765+0000] {manager.py:851} INFO - 
================================================================================
DAG File Processing Stats

File Path                    PID  Runtime      # DAGs    # Errors  Last Runtime    Last Run
-------------------------  -----  ---------  --------  ----------  --------------  -------------------
/opt/airflow/dags/test.py    359  0.00s             1           0  0.10s           2025-05-14T04:55:37
================================================================================
[2025-05-14T04:56:33.922+0000] {manager.py:726} INFO - Searching for files in /opt/airflow/dags
[2025-05-14T04:56:33.923+0000] {manager.py:729} INFO - There are 1 files in /opt/airflow/dags
[2025-05-14T04:56:37.949+0000] {manager.py:851} INFO - 
================================================================================
DAG File Processing Stats

File Path                    PID  Runtime      # DAGs    # Errors  Last Runtime    Last Run
-------------------------  -----  ---------  --------  ----------  --------------  -------------------
/opt/airflow/dags/test.py    364  0.00s             1           0  0.10s           2025-05-14T04:56:07
================================================================================
[2025-05-14T04:57:08.063+0000] {manager.py:851} INFO - 
================================================================================
DAG File Processing Stats

File Path                    PID  Runtime      # DAGs    # Errors  Last Runtime    Last Run
-------------------------  -----  ---------  --------  ----------  --------------  -------------------
/opt/airflow/dags/test.py    369  0.01s             1           0  0.10s           2025-05-14T04:56:38
================================================================================
[2025-05-14T04:57:38.241+0000] {manager.py:851} INFO - 
================================================================================
DAG File Processing Stats

File Path                    PID  Runtime      # DAGs    # Errors  Last Runtime    Last Run
-------------------------  -----  ---------  --------  ----------  --------------  -------------------
/opt/airflow/dags/test.py    374  0.00s             1           0  0.12s           2025-05-14T04:57:08
================================================================================
[2025-05-14T04:58:08.363+0000] {manager.py:851} INFO - 
================================================================================
DAG File Processing Stats

File Path                    PID  Runtime      # DAGs    # Errors  Last Runtime    Last Run
-------------------------  -----  ---------  --------  ----------  --------------  -------------------
/opt/airflow/dags/test.py    379  0.00s             1           0  0.10s           2025-05-14T04:57:38
================================================================================
[2025-05-14T04:58:38.533+0000] {manager.py:851} INFO - 
================================================================================
DAG File Processing Stats

File Path                    PID  Runtime      # DAGs    # Errors  Last Runtime    Last Run
-------------------------  -----  ---------  --------  ----------  --------------  -------------------
/opt/airflow/dags/test.py    384  0.00s             1           0  0.10s           2025-05-14T04:58:08
================================================================================
[2025-05-14T04:59:08.650+0000] {manager.py:851} INFO - 
================================================================================
DAG File Processing Stats

File Path                    PID  Runtime      # DAGs    # Errors  Last Runtime    Last Run
-------------------------  -----  ---------  --------  ----------  --------------  -------------------
/opt/airflow/dags/test.py    389  0.00s             1           0  0.10s           2025-05-14T04:58:38
================================================================================
[2025-05-14T04:59:38.811+0000] {manager.py:851} INFO - 
================================================================================
DAG File Processing Stats

File Path                    PID  Runtime      # DAGs    # Errors  Last Runtime    Last Run
-------------------------  -----  ---------  --------  ----------  --------------  -------------------
/opt/airflow/dags/test.py    394  0.00s             1           0  0.11s           2025-05-14T04:59:08
================================================================================
[2025-05-14T05:00:08.942+0000] {manager.py:851} INFO - 
================================================================================
DAG File Processing Stats

File Path                    PID  Runtime      # DAGs    # Errors  Last Runtime    Last Run
-------------------------  -----  ---------  --------  ----------  --------------  -------------------
/opt/airflow/dags/test.py    399  0.00s             1           0  0.10s           2025-05-14T04:59:38
================================================================================
[2025-05-14T05:00:39.099+0000] {manager.py:851} INFO - 
================================================================================
DAG File Processing Stats

File Path                    PID  Runtime      # DAGs    # Errors  Last Runtime    Last Run
-------------------------  -----  ---------  --------  ----------  --------------  -------------------
/opt/airflow/dags/test.py    404  0.00s             1           0  0.10s           2025-05-14T05:00:09
================================================================================
[2025-05-14T05:01:09.216+0000] {manager.py:851} INFO - 
================================================================================
DAG File Processing Stats

File Path                  PID    Runtime      # DAGs    # Errors  Last Runtime    Last Run
-------------------------  -----  ---------  --------  ----------  --------------  -------------------
/opt/airflow/dags/test.py                           1           0  0.12s           2025-05-14T05:00:39
================================================================================
[2025-05-14T05:01:34.385+0000] {manager.py:726} INFO - Searching for files in /opt/airflow/dags
[2025-05-14T05:01:34.386+0000] {manager.py:729} INFO - There are 1 files in /opt/airflow/dags
[2025-05-14T05:01:39.415+0000] {manager.py:851} INFO - 
================================================================================
DAG File Processing Stats

File Path                    PID  Runtime      # DAGs    # Errors  Last Runtime    Last Run
-------------------------  -----  ---------  --------  ----------  --------------  -------------------
/opt/airflow/dags/test.py    414  0.00s             1           0  0.10s           2025-05-14T05:01:09
================================================================================
[2025-05-14T05:02:09.594+0000] {manager.py:851} INFO - 
================================================================================
DAG File Processing Stats

File Path                    PID  Runtime      # DAGs    # Errors  Last Runtime    Last Run
-------------------------  -----  ---------  --------  ----------  --------------  -------------------
/opt/airflow/dags/test.py    419  0.00s             1           0  0.10s           2025-05-14T05:01:39
================================================================================
[2025-05-14T05:02:39.709+0000] {manager.py:851} INFO - 
================================================================================
DAG File Processing Stats

File Path                    PID  Runtime      # DAGs    # Errors  Last Runtime    Last Run
-------------------------  -----  ---------  --------  ----------  --------------  -------------------
/opt/airflow/dags/test.py    424  0.00s             1           0  0.10s           2025-05-14T05:02:09
================================================================================
[2025-05-14T05:03:09.896+0000] {manager.py:851} INFO - 
================================================================================
DAG File Processing Stats

File Path                    PID  Runtime      # DAGs    # Errors  Last Runtime    Last Run
-------------------------  -----  ---------  --------  ----------  --------------  -------------------
/opt/airflow/dags/test.py    429  0.00s             1           0  0.10s           2025-05-14T05:02:39
================================================================================
[2025-05-14T05:03:40.016+0000] {manager.py:851} INFO - 
================================================================================
DAG File Processing Stats

File Path                    PID  Runtime      # DAGs    # Errors  Last Runtime    Last Run
-------------------------  -----  ---------  --------  ----------  --------------  -------------------
/opt/airflow/dags/test.py    434  0.00s             1           0  0.11s           2025-05-14T05:03:09
================================================================================
[2025-05-14T05:04:10.190+0000] {manager.py:851} INFO - 
================================================================================
DAG File Processing Stats

File Path                    PID  Runtime      # DAGs    # Errors  Last Runtime    Last Run
-------------------------  -----  ---------  --------  ----------  --------------  -------------------
/opt/airflow/dags/test.py    439  0.00s             1           0  0.10s           2025-05-14T05:03:40
================================================================================
[2025-05-14T05:04:40.295+0000] {manager.py:851} INFO - 
================================================================================
DAG File Processing Stats

File Path                  PID    Runtime      # DAGs    # Errors  Last Runtime    Last Run
-------------------------  -----  ---------  --------  ----------  --------------  -------------------
/opt/airflow/dags/test.py                           1           0  0.12s           2025-05-14T05:04:10
================================================================================
[2025-05-14T05:05:10.505+0000] {manager.py:851} INFO - 
================================================================================
DAG File Processing Stats

File Path                    PID  Runtime      # DAGs    # Errors  Last Runtime    Last Run
-------------------------  -----  ---------  --------  ----------  --------------  -------------------
/opt/airflow/dags/test.py    449  0.00s             1           0  0.10s           2025-05-14T05:04:40
================================================================================
[2025-05-14T05:05:40.690+0000] {manager.py:851} INFO - 
================================================================================
DAG File Processing Stats

File Path                    PID  Runtime      # DAGs    # Errors  Last Runtime    Last Run
-------------------------  -----  ---------  --------  ----------  --------------  -------------------
/opt/airflow/dags/test.py    454  0.00s             1           0  0.10s           2025-05-14T05:05:10
================================================================================
